➜  personal-ai-assistant6 git:(feat/v3-ai-engine) ✗ pnpm dev                                                                          

> personal-ai-assistant6@1.0.0 dev /Users/mirza/Workspace/personal-ai-assistant6
> tsx src-v3/index.ts

[19.19.49] [CRON] missed once 49902959-f1cb-4615-8c8e-d09149391708 (1121398977)
[19.19.49] [CRON] startup — 0 once, 0 recurring (across 1 user)
[19.19.49] [TRIGGER] listening on 127.0.0.1:3100
[19.19.49] [TG] starting bot (whitelist: 1 chats)
[19.19.50] [TG] bot @tungtungsahur10_bot online
[19.20.13] 1121398977 → /new
[19.20.19] 1121398977 → Beli sabun ke pasar
[19.20.19] [TG] turn 1
[19.20.19] [TG] fresh session for 1121398977 — injecting memory bundle (profile=5, traits=1, ongoing=2, tasks=0, habits=0)
[19.20.22] [TG] model=claude-haiku-4-5-20251001 tools=49
[19.20.22] [TG] session: e948ac98-c948-435e-a558-b5e342dccb04
[19.20.26] [TG] thinking: The user said "Beli sabun ke pasar" which means "Buy soap at the market" or "Going to the market to buy soap". This is a user mentioning they want to go to the market.

According to my instructions, when user mentions relevant context ("aku mau ke pasar"):
- search_tasks(query="pasar") — surface pending tasks with matching keywords
- Naturally weave into reply ("eh btw, kamu tadi bilang mau beli sabun — sekalian ya?")

Let me search for tasks with "pasar" keyword to see if there are other pending tasks related to market shopping.
[19.20.26] [TG] tool: mcp__tasks__search_tasks
[19.20.28] [TG] thinking: No existing tasks related to "pasar" found. So this is a new task - the user wants to buy soap at the market. I should:

1. Create a task for buying soap with "pasar" and "belanja" as trigger keywords
2. Send a message acknowledging this

Since this is a straightforward errand, I'll create it as type='errand' with trigger_keywords including 'pasar' and 'belanja'.
[19.20.29] [TG] tool: mcp__tasks__save_task
[19.20.31] [TG] thinking: Great, the task has been created successfully. Now I should send a message to acknowledge this and perhaps ask if there's anything else they need or if they're going soon.
[19.20.32] [TG] tool: mcp__message__send_message
[19.20.34] 1121398977 ← Noted! Udah aku catat beli sabun ke pasar.
[19.20.37] 1121398977 ← Kapan kamu berangkat? Perlu apa lagi saat ke pasar?
[19.20.39] [TG] thinking: Perfect. I've:
1. Searched for existing market-related tasks (none found)
2. Created a new task for buying soap with appropriate trigger keywords
3. Sent a natural acknowledgment message with a follow-up question

The task is now saved and the user is informed.
[19.20.52] 1121398977 → Aku mau kepasar sekarang
[19.20.52] [TG] turn 2
[19.20.56] [TG] model=claude-haiku-4-5-20251001 tools=49
[19.20.56] [TG] session: e948ac98-c948-435e-a558-b5e342dccb04
[19.20.58] [TG] thinking: The user said "Aku mau ke pasar sekarang" which means "I want to go to the market now". This is informing me they're going to the market right now.

Since they're going to the market now, and I have a task for them to "Beli sabun ke pasar" that was just created, I should acknowledge their departure and maybe give them a quick send-off or reminder about the soap.

This is a simple acknowledgment - I can send a quick message like "Oke, hati-hati!" or similar, maybe reminding them about the soap since it's what they wanted to do.
[19.20.59] [TG] tool: mcp__message__send_message
[19.21.00] 1121398977 ← Oke, hati-hati! Jangan lupa sabunya ya 🛁
[19.21.02] [TG] thinking: Good, I've sent a simple acknowledgment with a friendly reminder about the soap. The message is natural and conversational, suitable for a chat app.
[19.21.19] 1121398977 → /new
[19.21.26] 1121398977 → Aku mau kepasar sekarang
[19.21.26] [TG] turn 1
[19.21.26] [TG] fresh session for 1121398977 — injecting memory bundle (profile=5, traits=1, ongoing=2, tasks=1, habits=0)
[19.21.29] [TG] model=claude-haiku-4-5-20251001 tools=49
[19.21.29] [TG] session: 922af33c-3f80-4ea4-913b-0a6f606e31f5
[19.21.33] [TG] thinking: The user says "Aku mau kepasar sekarang" - "I want to go to the market now".

Looking at the memory context, there's a task:
- {id: "8186c4ad-3865-4406-a12f-8da7ffe230b4", type: errand, title: "Beli sabun ke pasar", trigger_keywords: ["pasar", "belanja"]}

So the user has a pending task to buy soap at the market with trigger keywords "pasar" and "belanja". Since the user just mentioned "pasar", I should search for related tasks and surface this naturally.

Let me search for tasks related to "pasar" and then mention it in my response.
[19.21.33] [TG] tool: mcp__tasks__search_tasks
[19.21.35] [TG] thinking: Great! Found the task. The user wants to buy soap at the market. I should naturally remind them about this task while they're heading there now.

I'll acknowledge their plan to go to the market and remind them about the soap purchase they had planned.
[19.21.36] [TG] tool: mcp__message__send_message
[19.21.38] 1121398977 ← Mantap! Eh btw, kamu tadi bilang mau beli sabun ke pasar — sekalian ya?
[19.21.41] 1121398977 ← Jangan lupa bawa uang yang cukup 😄
[19.21.43] [TG] thinking: Good, I've reminded the user about the soap purchase task in a natural, casual way while they're heading to the market. The response is conversational and helpful without being preachy.
[19.21.57] 1121398977 → /new
[19.22.12] 1121398977 → Ok. Aku udah beli sabun dipasar
[19.22.12] [TG] turn 1
[19.22.12] [TG] fresh session for 1121398977 — injecting memory bundle (profile=5, traits=1, ongoing=2, tasks=1, habits=0)
[19.22.15] [TG] model=claude-haiku-4-5-20251001 tools=49
[19.22.15] [TG] session: e4d366c8-f2d4-4fc6-bf75-92a35783d931
[19.22.19] [TG] thinking: The user says "Ok. Aku udah beli sabun dipasar" which means "Ok. I already bought soap at the market."

From the memory_context, I can see there's a task:
- {id: "8186c4ad-3865-4406-a12f-8da7ffe230b4", type: errand, title: "Beli sabun ke pasar", trigger_keywords: ["pasar", "belanja"]}

This matches exactly! The user has completed the task of buying soap at the market. I should:
1. Complete the task using complete_task
2. Acknowledge briefly with a positive response

Let me use the complete_task tool with the task id from memory_context.
[19.22.19] [TG] tool: mcp__tasks__complete_task
[19.22.22] [TG] thinking: Great! The task has been completed successfully. Now I should send a message acknowledging this. The user has checked off the task, so I should respond naturally and positively. This is a quick confirmation, so I should keep it brief and natural for a chat app.
[19.22.22] [TG] tool: mcp__message__send_message
[19.22.24] 1121398977 ← Mantap! ✓ Sudah checkoff dari list.
[19.22.25] [TG] thinking: Perfect! I've completed the task and sent an acknowledgment. The message is short and natural, appropriate for a chat app interaction.
[19.23.15] 1121398977 → Tolong selalu ingatkan aku untuk sholat 5 waktu ya..
[19.23.15] [TG] turn 2
[19.23.18] [TG] model=claude-haiku-4-5-20251001 tools=49
[19.23.18] [TG] session: e4d366c8-f2d4-4fc6-bf75-92a35783d931
[19.23.23] [TG] thinking: The user is asking me to remind them to pray 5 times a day (sholat 5 waktu). This is a request to set up a habit for tracking Islamic prayers.

The user said "Tolong selalu ingatkan aku untuk sholat 5 waktu ya.." which means "Please always remind me to pray 5 times a day."

This is about building a habit with 5 specific slots (waktu/times):
1. Subuh (dawn prayer)
2. Dzuhur (midday prayer)
3. Ashar (afternoon prayer)
4. Maghrib (sunset prayer)
5. Isya (night prayer)

I should use save_habit with:
- title: "Sholat 5 waktu" 
- cadence_type: "slot" (because it has specific named slots)
- cadence_config: {period: "day", slots: ["subuh", "dzuhur", "ashar", "maghrib", "isya"]}

Let me create this habit. I should respond naturally acknowledging their request and confirming the habit is set up.
[19.23.23] [TG] tool: mcp__habits__save_habit
[19.23.25] [TG] thinking: Great! The habit has been created successfully. Now I should send a natural, affirming message to the user. I should keep it brief and warm - they're making a spiritual commitment, so I should be supportive.
[19.23.26] [TG] tool: mcp__message__send_message
[19.23.28] 1121398977 ← Siap! Aku track sholat 5 waktu kamu mulai sekarang.
[19.23.32] 1121398977 ← Nanti kamu tinggal bilang kalau udah sholat, aku catat progresnya.
[19.23.34] [TG] thinking: Perfect! I've:
1. Created the sholat 5 waktu habit with the 5 daily prayer slots (subuh, dzuhur, ashar, maghrib, isya)
2. Sent a supportive confirmation message explaining how it works

The user can now report their prayers, and I can track their progress for each waktu (prayer time).
[19.23.36] 1121398977 → /new
[19.23.51] 1121398977 → Aku sudah sholat isya
[19.23.51] [TG] turn 1
[19.23.51] [TG] fresh session for 1121398977 — injecting memory bundle (profile=5, traits=1, ongoing=2, tasks=0, habits=1)
[19.23.54] [TG] model=claude-haiku-4-5-20251001 tools=49
[19.23.54] [TG] session: 2f20d3e0-3f09-478c-8fd2-3ef2e8581552
[19.23.58] [TG] thinking: The user is saying "I've already prayed (isya)" — "Aku sudah sholat isya"

From the memory context, I can see the user has a habit:
- {id: "44dcb6c3-fb62-4fd1-a023-0535de2a8336", title: "Sholat 5 waktu", cadence: "slot/day", progress: "0/5 this day"}

This is a habit with cadence_type='slot' and period='day', with slots like [subuh, dzuhur, ashar, maghrib, isya].

The user has completed "isya" (one of the 5 daily prayers). I should:
1. Call log_habit_completion with the habit_id and the slot name "isya"
2. Send a positive acknowledgment message

Let me log this completion.
[19.23.59] [TG] tool: mcp__habits__log_habit_completion
[19.24.01] [TG] thinking: Great! The habit completion was logged successfully for isya. Now I need to send a message acknowledging this. The user just completed isya, so I should give a positive response. I can ask or acknowledge the progress — they've completed isya out of the 5 daily prayers.

Let me send a natural, short message acknowledging this.
[19.24.01] [TG] tool: mcp__message__send_message
[19.24.03] 1121398977 ← Mantap! Sisa 4 lagi hari ini 💪
[19.24.05] [TG] thinking: Good! I've logged the isya prayer completion and sent an encouraging message. The user has completed 1 out of 5 daily prayers so far today.
[19.24.41] 1121398977 → Aku alergi makan udang
[19.24.41] [TG] turn 2
[19.24.44] [TG] model=claude-haiku-4-5-20251001 tools=49
[19.24.44] [TG] session: 2f20d3e0-3f09-478c-8fd2-3ef2e8581552
[19.24.48] [TG] thinking: The user is saying "I'm allergic to eating shrimp" — "Aku alergi makan udang"

This is an important safety-critical rule/allergy information that I should save to the profile. According to the memory usage guidelines:

- User states preference / rule → save_profile category="rule", layer="L3" for safety-critical (allergies), importance="critical"
- key: trigger-descriptor (e.g., 'allergy_food')
- value: the policy/allergy

This is clearly safety-critical (allergy), so:
- category: "rule"
- layer: "L3" (core identity/safety-critical)
- key: "allergy_food"
- value: "udang" (shrimp)
- importance: "critical"

I should save this and acknowledge it briefly. The user explicitly stated this, so I save without confidence number.
[19.24.49] [TG] tool: mcp__memory__save_profile
[19.24.51] [TG] thinking: Good, the allergy has been saved. Now I should send a brief acknowledgment. The user stated an allergy, which is critical information. I should acknowledge and confirm that I've noted this. Keep it short and natural.
[19.24.51] [TG] tool: mcp__message__send_message
[19.24.52] 1121398977 ← Oke, udang dicatat ya. Aku inget 👍
[19.24.54] [TG] thinking: Done. I've saved the allergy (udang/shrimp) as a critical rule in the user's profile, and sent a brief acknowledgment. In the future, I'll always check for this allergy when food is involved in conversation.
[19.25.02] 1121398977 → /new
[19.25.26] 1121398977 → Aku diajak temanku makan seafood. Aku sekarang lagi lihat-lihat menu. Semuanya enak...
[19.25.26] [TG] turn 1
[19.25.26] [TG] fresh session for 1121398977 — injecting memory bundle (profile=6, traits=1, ongoing=2, tasks=0, habits=1)
[19.25.30] [TG] model=claude-haiku-4-5-20251001 tools=49
[19.25.30] [TG] session: bf44279a-4180-47ec-ae7b-f5244cf888fe
[19.25.33] [TG] thinking: The user is saying they've been invited by a friend to eat seafood, and they're looking at the menu. Everything looks delicious...

But wait - I have important information in memory context:
- User has a food allergy: udang (shrimp)
- It's marked as a "rule" in L3 (critical/safety-relevant)

This is a critical safety situation! The user is about to potentially eat seafood when they have a shrimp allergy. I need to remind them about this allergy immediately and proactively.

I should:
1. Acknowledge what they said
2. Proactively surface the allergy rule (since rules_handling says "When user context matches a rule's key pattern: Proactively surface relevant rules (allergies FIRST, always)")
3. Help them navigate the menu safely

This is a case where I should definitely use send_message with the allergy warning as a priority.
[19.25.35] [TG] tool: mcp__message__send_message
[19.25.36] 1121398977 ← Eh tunggu! 🛑 Kamu alergi udang ya?
[19.25.42] 1121398977 ← Jadi pastiin pas order nanti hindari menu yang punya udang. Banyak seafood dishes yang ada shrimp jadi hati-hati.
[19.25.44] 1121398977 ← Apa aja pilihan yang aman dari menu itu?
[19.25.47] [TG] thinking: Good, I've sent the messages. I proactively surfaced the allergy (which is critical safety info), reminded them to be careful with seafood dishes (since udang/shrimp is common in seafood), and asked what safe options they see on the menu so I can help them navigate.

This is the right approach - allergies should always be flagged first when there's a risk context (seafood restaurant for someone allergic to shrimp).